// Jest Snapshot v1, https://goo.gl/fbAQLP

exports[`<Done /> renders a done with check in animation 1`] = `
<Styled(View)
  onLayout={[Function]}
/>
`;
